Created by PLY version 3.11 (http://www.dabeaz.com/ply)

Unused terminals:

    EQUALS

Grammar

Rule 0     S' -> statement
Rule 1     statement -> expression
Rule 2     expression -> expression PLUS expression
Rule 3     expression -> expression MINUS expression
Rule 4     expression -> expression TIMES expression
Rule 5     expression -> expression DIVIDE expression
Rule 6     expression -> MINUS expression
Rule 7     expression -> LPAREN expression RPAREN
Rule 8     expression -> NUMBER

Terminals, with rules where they appear

DIVIDE               : 5
EQUALS               : 
LPAREN               : 7
MINUS                : 3 6
NUMBER               : 8
PLUS                 : 2
RPAREN               : 7
TIMES                : 4
error                : 

Nonterminals, with rules where they appear

expression           : 1 2 2 3 3 4 4 5 5 6 7
statement            : 0

Parsing method: LALR

state 0

    (0) S' -> . statement
    (1) statement -> . expression
    (2) expression -> . expression PLUS expression
    (3) expression -> . expression MINUS expression
    (4) expression -> . expression TIMES expression
    (5) expression -> . expression DIVIDE expression
    (6) expression -> . MINUS expression
    (7) expression -> . LPAREN expression RPAREN
    (8) expression -> . NUMBER

    MINUS           shift and go to state 3
    LPAREN          shift and go to state 4
    NUMBER          shift and go to state 5

    statement                      shift and go to state 1
    expression                     shift and go to state 2

state 1

    (0) S' -> statement .



state 2

    (1) statement -> expression .
    (2) expression -> expression . PLUS expression
    (3) expression -> expression . MINUS expression
    (4) expression -> expression . TIMES expression
    (5) expression -> expression . DIVIDE expression

    $end            reduce using rule 1 (statement -> expression .)
    PLUS            shift and go to state 6
    MINUS           shift and go to state 7
    TIMES           shift and go to state 8
    DIVIDE          shift and go to state 9


state 3

    (6) expression -> MINUS . expression
    (2) expression -> . expression PLUS expression
    (3) expression -> . expression MINUS expression
    (4) expression -> . expression TIMES expression
    (5) expression -> . expression DIVIDE expression
    (6) expression -> . MINUS expression
    (7) expression -> . LPAREN expression RPAREN
    (8) expression -> . NUMBER

    MINUS           shift and go to state 3
    LPAREN          shift and go to state 4
    NUMBER          shift and go to state 5

    expression                     shift and go to state 10

state 4

    (7) expression -> LPAREN . expression RPAREN
    (2) expression -> . expression PLUS expression
    (3) expression -> . expression MINUS expression
    (4) expression -> . expression TIMES expression
    (5) expression -> . expression DIVIDE expression
    (6) expression -> . MINUS expression
    (7) expression -> . LPAREN expression RPAREN
    (8) expression -> . NUMBER

    MINUS           shift and go to state 3
    LPAREN          shift and go to state 4
    NUMBER          shift and go to state 5

    expression                     shift and go to state 11

state 5

    (8) expression -> NUMBER .

    PLUS            reduce using rule 8 (expression -> NUMBER .)
    MINUS           reduce using rule 8 (expression -> NUMBER .)
    TIMES           reduce using rule 8 (expression -> NUMBER .)
    DIVIDE          reduce using rule 8 (expression -> NUMBER .)
    $end            reduce using rule 8 (expression -> NUMBER .)
    RPAREN          reduce using rule 8 (expression -> NUMBER .)


state 6

    (2) expression -> expression PLUS . expression
    (2) expression -> . expression PLUS expression
    (3) expression -> . expression MINUS expression
    (4) expression -> . expression TIMES expression
    (5) expression -> . expression DIVIDE expression
    (6) expression -> . MINUS expression
    (7) expression -> . LPAREN expression RPAREN
    (8) expression -> . NUMBER

    MINUS           shift and go to state 3
    LPAREN          shift and go to state 4
    NUMBER          shift and go to state 5

    expression                     shift and go to state 12

state 7

    (3) expression -> expression MINUS . expression
    (2) expression -> . expression PLUS expression
    (3) expression -> . expression MINUS expression
    (4) expression -> . expression TIMES expression
    (5) expression -> . expression DIVIDE expression
    (6) expression -> . MINUS expression
    (7) expression -> . LPAREN expression RPAREN
    (8) expression -> . NUMBER

    MINUS           shift and go to state 3
    LPAREN          shift and go to state 4
    NUMBER          shift and go to state 5

    expression                     shift and go to state 13

state 8

    (4) expression -> expression TIMES . expression
    (2) expression -> . expression PLUS expression
    (3) expression -> . expression MINUS expression
    (4) expression -> . expression TIMES expression
    (5) expression -> . expression DIVIDE expression
    (6) expression -> . MINUS expression
    (7) expression -> . LPAREN expression RPAREN
    (8) expression -> . NUMBER

    MINUS           shift and go to state 3
    LPAREN          shift and go to state 4
    NUMBER          shift and go to state 5

    expression                     shift and go to state 14

state 9

    (5) expression -> expression DIVIDE . expression
    (2) expression -> . expression PLUS expression
    (3) expression -> . expression MINUS expression
    (4) expression -> . expression TIMES expression
    (5) expression -> . expression DIVIDE expression
    (6) expression -> . MINUS expression
    (7) expression -> . LPAREN expression RPAREN
    (8) expression -> . NUMBER

    MINUS           shift and go to state 3
    LPAREN          shift and go to state 4
    NUMBER          shift and go to state 5

    expression                     shift and go to state 15

state 10

    (6) expression -> MINUS expression .
    (2) expression -> expression . PLUS expression
    (3) expression -> expression . MINUS expression
    (4) expression -> expression . TIMES expression
    (5) expression -> expression . DIVIDE expression

    PLUS            reduce using rule 6 (expression -> MINUS expression .)
    MINUS           reduce using rule 6 (expression -> MINUS expression .)
    TIMES           reduce using rule 6 (expression -> MINUS expression .)
    DIVIDE          reduce using rule 6 (expression -> MINUS expression .)
    $end            reduce using rule 6 (expression -> MINUS expression .)
    RPAREN          reduce using rule 6 (expression -> MINUS expression .)

  ! PLUS            [ shift and go to state 6 ]
  ! MINUS           [ shift and go to state 7 ]
  ! TIMES           [ shift and go to state 8 ]
  ! DIVIDE          [ shift and go to state 9 ]


state 11

    (7) expression -> LPAREN expression . RPAREN
    (2) expression -> expression . PLUS expression
    (3) expression -> expression . MINUS expression
    (4) expression -> expression . TIMES expression
    (5) expression -> expression . DIVIDE expression

    RPAREN          shift and go to state 16
    PLUS            shift and go to state 6
    MINUS           shift and go to state 7
    TIMES           shift and go to state 8
    DIVIDE          shift and go to state 9


state 12

    (2) expression -> expression PLUS expression .
    (2) expression -> expression . PLUS expression
    (3) expression -> expression . MINUS expression
    (4) expression -> expression . TIMES expression
    (5) expression -> expression . DIVIDE expression

    PLUS            reduce using rule 2 (expression -> expression PLUS expression .)
    MINUS           reduce using rule 2 (expression -> expression PLUS expression .)
    $end            reduce using rule 2 (expression -> expression PLUS expression .)
    RPAREN          reduce using rule 2 (expression -> expression PLUS expression .)
    TIMES           shift and go to state 8
    DIVIDE          shift and go to state 9

  ! TIMES           [ reduce using rule 2 (expression -> expression PLUS expression .) ]
  ! DIVIDE          [ reduce using rule 2 (expression -> expression PLUS expression .) ]
  ! PLUS            [ shift and go to state 6 ]
  ! MINUS           [ shift and go to state 7 ]


state 13

    (3) expression -> expression MINUS expression .
    (2) expression -> expression . PLUS expression
    (3) expression -> expression . MINUS expression
    (4) expression -> expression . TIMES expression
    (5) expression -> expression . DIVIDE expression

    PLUS            reduce using rule 3 (expression -> expression MINUS expression .)
    MINUS           reduce using rule 3 (expression -> expression MINUS expression .)
    $end            reduce using rule 3 (expression -> expression MINUS expression .)
    RPAREN          reduce using rule 3 (expression -> expression MINUS expression .)
    TIMES           shift and go to state 8
    DIVIDE          shift and go to state 9

  ! TIMES           [ reduce using rule 3 (expression -> expression MINUS expression .) ]
  ! DIVIDE          [ reduce using rule 3 (expression -> expression MINUS expression .) ]
  ! PLUS            [ shift and go to state 6 ]
  ! MINUS           [ shift and go to state 7 ]


state 14

    (4) expression -> expression TIMES expression .
    (2) expression -> expression . PLUS expression
    (3) expression -> expression . MINUS expression
    (4) expression -> expression . TIMES expression
    (5) expression -> expression . DIVIDE expression

    PLUS            reduce using rule 4 (expression -> expression TIMES expression .)
    MINUS           reduce using rule 4 (expression -> expression TIMES expression .)
    TIMES           reduce using rule 4 (expression -> expression TIMES expression .)
    DIVIDE          reduce using rule 4 (expression -> expression TIMES expression .)
    $end            reduce using rule 4 (expression -> expression TIMES expression .)
    RPAREN          reduce using rule 4 (expression -> expression TIMES expression .)

  ! PLUS            [ shift and go to state 6 ]
  ! MINUS           [ shift and go to state 7 ]
  ! TIMES           [ shift and go to state 8 ]
  ! DIVIDE          [ shift and go to state 9 ]


state 15

    (5) expression -> expression DIVIDE expression .
    (2) expression -> expression . PLUS expression
    (3) expression -> expression . MINUS expression
    (4) expression -> expression . TIMES expression
    (5) expression -> expression . DIVIDE expression

    PLUS            reduce using rule 5 (expression -> expression DIVIDE expression .)
    MINUS           reduce using rule 5 (expression -> expression DIVIDE expression .)
    TIMES           reduce using rule 5 (expression -> expression DIVIDE expression .)
    DIVIDE          reduce using rule 5 (expression -> expression DIVIDE expression .)
    $end            reduce using rule 5 (expression -> expression DIVIDE expression .)
    RPAREN          reduce using rule 5 (expression -> expression DIVIDE expression .)

  ! PLUS            [ shift and go to state 6 ]
  ! MINUS           [ shift and go to state 7 ]
  ! TIMES           [ shift and go to state 8 ]
  ! DIVIDE          [ shift and go to state 9 ]


state 16

    (7) expression -> LPAREN expression RPAREN .

    PLUS            reduce using rule 7 (expression -> LPAREN expression RPAREN .)
    MINUS           reduce using rule 7 (expression -> LPAREN expression RPAREN .)
    TIMES           reduce using rule 7 (expression -> LPAREN expression RPAREN .)
    DIVIDE          reduce using rule 7 (expression -> LPAREN expression RPAREN .)
    $end            reduce using rule 7 (expression -> LPAREN expression RPAREN .)
    RPAREN          reduce using rule 7 (expression -> LPAREN expression RPAREN .)

